[[ 
ERROR getting fieldi for tag 88-Stairmaster-Floors
[[ 
ERROR getting fieldi for tag 5157-Rowing-meters